Traceback (most recent call last):
  File "F:\Project\muktosoft\backend\manage.py", line 22, in <module>
    main()
    ~~~~^^
  File "F:\Project\muktosoft\backend\manage.py", line 18, in main
    execute_from_command_line(sys.argv)
    ~~~~~~~~~~~~~~~~~~~~~~~~~^^^^^^^^^^
  File "C:\Users\isakk\AppData\Local\Programs\Python\Python313\Lib\site-packages\django\core\management\__init__.py", line 442, in execute_from_command_line
    utility.execute()
    ~~~~~~~~~~~~~~~^^
  File "C:\Users\isakk\AppData\Local\Programs\Python\Python313\Lib\site-packages\django\core\management\__init__.py", line 436, in execute
    self.fetch_command(subcommand).run_from_argv(self.argv)
    ~~~~~~~~~~~~~~~~~~~~~~~~~~~~~~~~~~~~~~~~~~~~^^^^^^^^^^^
  File "C:\Users\isakk\AppData\Local\Programs\Python\Python313\Lib\site-packages\django\core\management\base.py", line 413, in run_from_argv
    self.execute(*args, **cmd_options)
    ~~~~~~~~~~~~^^^^^^^^^^^^^^^^^^^^^^
  File "C:\Users\isakk\AppData\Local\Programs\Python\Python313\Lib\site-packages\django\core\management\base.py", line 459, in execute
    output = self.handle(*args, **options)
  File "C:\Users\isakk\AppData\Local\Programs\Python\Python313\Lib\site-packages\django\core\management\commands\check.py", line 81, in handle
    self.check(
    ~~~~~~~~~~^
        app_configs=app_configs,
        ^^^^^^^^^^^^^^^^^^^^^^^^
    ...<4 lines>...
        databases=options["databases"],
        ^^^^^^^^^^^^^^^^^^^^^^^^^^^^^^^
    )
    ^
  File "C:\Users\isakk\AppData\Local\Programs\Python\Python313\Lib\site-packages\django\core\management\base.py", line 486, in check
    all_issues = checks.run_checks(
        app_configs=app_configs,
    ...<2 lines>...
        databases=databases,
    )
  File "C:\Users\isakk\AppData\Local\Programs\Python\Python313\Lib\site-packages\django\core\checks\registry.py", line 88, in run_checks
    new_errors = check(app_configs=app_configs, databases=databases)
  File "C:\Users\isakk\AppData\Local\Programs\Python\Python313\Lib\site-packages\django\core\checks\urls.py", line 16, in check_url_config
    return check_resolver(resolver)
  File "C:\Users\isakk\AppData\Local\Programs\Python\Python313\Lib\site-packages\django\core\checks\urls.py", line 26, in check_resolver
    return check_method()
  File "C:\Users\isakk\AppData\Local\Programs\Python\Python313\Lib\site-packages\django\urls\resolvers.py", line 531, in check
    for pattern in self.url_patterns:
                   ^^^^^^^^^^^^^^^^^
  File "C:\Users\isakk\AppData\Local\Programs\Python\Python313\Lib\site-packages\django\utils\functional.py", line 47, in __get__
    res = instance.__dict__[self.name] = self.func(instance)
                                         ~~~~~~~~~^^^^^^^^^^
  File "C:\Users\isakk\AppData\Local\Programs\Python\Python313\Lib\site-packages\django\urls\resolvers.py", line 718, in url_patterns
    patterns = getattr(self.urlconf_module, "urlpatterns", self.urlconf_module)
                       ^^^^^^^^^^^^^^^^^^^
  File "C:\Users\isakk\AppData\Local\Programs\Python\Python313\Lib\site-packages\django\utils\functional.py", line 47, in __get__
    res = instance.__dict__[self.name] = self.func(instance)
                                         ~~~~~~~~~^^^^^^^^^^
  File "C:\Users\isakk\AppData\Local\Programs\Python\Python313\Lib\site-packages\django\urls\resolvers.py", line 711, in urlconf_module
    return import_module(self.urlconf_name)
  File "C:\Users\isakk\AppData\Local\Programs\Python\Python313\Lib\importlib\__init__.py", line 88, in import_module
    return _bootstrap._gcd_import(name[level:], package, level)
           ~~~~~~~~~~~~~~~~~~~~~~^^^^^^^^^^^^^^^^^^^^^^^^^^^^^^
  File "<frozen importlib._bootstrap>", line 1387, in _gcd_import
  File "<frozen importlib._bootstrap>", line 1360, in _find_and_load
  File "<frozen importlib._bootstrap>", line 1331, in _find_and_load_unlocked
  File "<frozen importlib._bootstrap>", line 935, in _load_unlocked
  File "<frozen importlib._bootstrap_external>", line 1026, in exec_module
  File "<frozen importlib._bootstrap>", line 488, in _call_with_frames_removed
  File "F:\Project\muktosoft\backend\muktosoft\urls.py", line 8, in <module>
    path('api/', include('api.urls')),
                 ~~~~~~~^^^^^^^^^^^^
  File "C:\Users\isakk\AppData\Local\Programs\Python\Python313\Lib\site-packages\django\urls\conf.py", line 39, in include
    urlconf_module = import_module(urlconf_module)
  File "C:\Users\isakk\AppData\Local\Programs\Python\Python313\Lib\importlib\__init__.py", line 88, in import_module
    return _bootstrap._gcd_import(name[level:], package, level)
           ~~~~~~~~~~~~~~~~~~~~~~^^^^^^^^^^^^^^^^^^^^^^^^^^^^^^
  File "<frozen importlib._bootstrap>", line 1387, in _gcd_import
  File "<frozen importlib._bootstrap>", line 1360, in _find_and_load
  File "<frozen importlib._bootstrap>", line 1331, in _find_and_load_unlocked
  File "<frozen importlib._bootstrap>", line 935, in _load_unlocked
  File "<frozen importlib._bootstrap_external>", line 1026, in exec_module
  File "<frozen importlib._bootstrap>", line 488, in _call_with_frames_removed
  File "F:\Project\muktosoft\backend\api\urls.py", line 3, in <module>
    from .views import ServiceViewSet, ProjectViewSet, TeamMemberViewSet, ContactViewSet, homepage_data, service_detail
  File "F:\Project\muktosoft\backend\api\views.py", line 10, in <module>
    from .serializers import (
    ...<7 lines>...
    )
  File "F:\Project\muktosoft\backend\api\serializers.py", line 89, in <module>
    class CoreValueSerializer(serializers.ModelSerializer):
    ...<2 lines>...
            fields = '__all__'
  File "F:\Project\muktosoft\backend\api\serializers.py", line 90, in CoreValueSerializer
    class Meta:
        model = CoreValue
        fields = '__all__'
  File "F:\Project\muktosoft\backend\api\serializers.py", line 91, in Meta
    model = CoreValue
            ^^^^^^^^^
NameError: name 'CoreValue' is not defined
